[     357ms] [VERBOSE] [DOM] Input elements should have autocomplete attributes (suggested: "current-password"): (More info: https://goo.gl/9p2vKq) %o @ http://localhost:3000/admin/login:0
[     404ms] [INFO] %cDownload the React DevTools for a better development experience: https://react.dev/link/react-devtools font-weight:bold @ http://localhost:3000/_next/static/chunks/node_modules_next_dist_115brz8._.js:2431
[     492ms] [LOG] [HMR] connected @ http://localhost:3000/_next/static/chunks/node_modules_next_dist_115brz8._.js:2431
[     682ms] [LOG] [Fast Refresh] rebuilding @ http://localhost:3000/_next/static/chunks/node_modules_next_dist_115brz8._.js:2431
[    1355ms] [ERROR] ClientFetchError: Failed to fetch. Read more at https://errors.authjs.dev#autherror
    at fetchData (http://localhost:3000/_next/static/chunks/node_modules_0tvmsjq._.js:707:22)
    at async getSession (http://localhost:3000/_next/static/chunks/node_modules_0tvmsjq._.js:874:21)
    at async SessionProvider.useEffect [as _getSession] (http://localhost:3000/_next/static/chunks/node_modules_0tvmsjq._.js:1017:51) @ http://localhost:3000/_next/static/chunks/node_modules_next_dist_115brz8._.js:3272
[    1448ms] [INFO] %cDownload the React DevTools for a better development experience: https://react.dev/link/react-devtools font-weight:bold @ http://localhost:3000/_next/static/chunks/node_modules_next_dist_115brz8._.js:2431
[    1469ms] [LOG] [HMR] connected @ http://localhost:3000/_next/static/chunks/node_modules_next_dist_115brz8._.js:2431
[    1474ms] [VERBOSE] [DOM] Input elements should have autocomplete attributes (suggested: "current-password"): (More info: https://goo.gl/9p2vKq) %o @ http://localhost:3000/admin/login:0
[   24717ms] [LOG] [Fast Refresh] rebuilding @ http://localhost:3000/_next/static/chunks/node_modules_next_dist_115brz8._.js:2431
[   25322ms] [LOG] [Fast Refresh] done in 712ms @ http://localhost:3000/_next/static/chunks/node_modules_next_dist_115brz8._.js:2431
[   25431ms] [LOG] [Fast Refresh] rebuilding @ http://localhost:3000/_next/static/chunks/node_modules_next_dist_115brz8._.js:2431
[   45580ms] [LOG] [Fast Refresh] done in 20257ms @ http://localhost:3000/_next/static/chunks/node_modules_next_dist_115brz8._.js:2431
[   45685ms] [LOG] [Fast Refresh] rebuilding @ http://localhost:3000/_next/static/chunks/node_modules_next_dist_115brz8._.js:2431
[  102567ms] [ERROR] WebSocket connection to 'ws://localhost:3000/_next/webpack-hmr?id=r7RBiDtNdfATi6CBxmtBp' failed: Error in connection establishment: net::ERR_CONNECTION_REFUSED @ http://localhost:3000/_next/static/chunks/node_modules_next_dist_client_0fhqo1d._.js:13299
[  105907ms] [ERROR] WebSocket connection to 'ws://localhost:3000/_next/webpack-hmr?id=r7RBiDtNdfATi6CBxmtBp' failed: Error in connection establishment: net::ERR_CONNECTION_REFUSED @ http://localhost:3000/_next/static/chunks/node_modules_next_dist_client_0fhqo1d._.js:13299
[  109021ms] [LOG] [HMR] connected @ http://localhost:3000/_next/static/chunks/node_modules_next_dist_115brz8._.js:2431
[  110430ms] [ERROR] Failed to load resource: the server responded with a status of 500 (Internal Server Error) @ http://localhost:3000/admin/login:0
[  110903ms] [INFO] %cDownload the React DevTools for a better development experience: https://react.dev/link/react-devtools font-weight:bold @ http://localhost:3000/_next/static/chunks/node_modules_react-dom_0bruynb._.js:15305
[  110968ms] Error: Could not parse module '[project]/src/middleware.ts', file not found
    at module evaluation (file://E:\Projects\posanmeal\.next\dev\server\chunks\[root-of-the-server]__0j4gt9g._.js:70:11)
    at <unknown> (file://E:\Projects\posanmeal\.next\dev\server\chunks\[turbopack]_runtime.js:1291:27)
    at runWithHooks (file://E:\Projects\posanmeal\.next\dev\server\chunks\[turbopack]_runtime.js:1554:9)
    at instantiateModuleShared (file://E:\Projects\posanmeal\.next\dev\server\chunks\[turbopack]_runtime.js:1289:9)
    at instantiateModule (file://E:\Projects\posanmeal\.next\dev\server\chunks\[turbopack]_runtime.js:1557:23)
    at getOrInstantiateModuleFromParent (file://E:\Projects\posanmeal\.next\dev\server\chunks\[turbopack]_runtime.js:1593:23)
    at Context.esmImport [as i] (file://E:\Projects\posanmeal\.next\dev\server\chunks\[turbopack]_runtime.js:281:20)
    at module evaluation (file://E:\Projects\posanmeal\.next\dev\server\chunks\node_modules_next_dist_04uzzp3._.js:13403:143)
    at <unknown> (file://E:\Projects\posanmeal\.next\dev\server\chunks\[turbopack]_runtime.js:1291:27)
    at runWithHooks (file://E:\Projects\posanmeal\.next\dev\server\chunks\[turbopack]_runtime.js:1554:9)
    at instantiateModuleShared (file://E:\Projects\posanmeal\.next\dev\server\chunks\[turbopack]_runtime.js:1289:9)
    at instantiateModule (file://E:\Projects\posanmeal\.next\dev\server\chunks\[turbopack]_runtime.js:1557:23)
    at instantiateRuntimeModule (file://E:\Projects\posanmeal\.next\dev\server\chunks\[turbopack]_runtime.js:1564:12)
    at getOrInstantiateRuntimeModule (file://E:\Projects\posanmeal\.next\dev\server\chunks\[turbopack]_runtime.js:1577:12)
    at Object.m (file://E:\Projects\posanmeal\.next\dev\server\chunks\[turbopack]_runtime.js:1599:18)
    at Object.<anonymous> (file://E:\Projects\posanmeal\.next\dev\server\middleware.js:4:3)
    at Module._compile (node:internal/modules/cjs/loader:1804:14)
    at Object..js (node:internal/modules/cjs/loader:1936:10)
    at Module.load (node:internal/modules/cjs/loader:1525:32)
    at Module._load (node:internal/modules/cjs/loader:1327:12)
    at TracingChannel.traceSync (node:diagnostics_channel:328:14)
    at wrapModuleLoad (node:internal/modules/cjs/loader:245:24)
    at Module.<anonymous> (node:internal/modules/cjs/loader:1548:12)
    at mod.require (file://E:\Projects\posanmeal\node_modules\next\dist\server\require-hook.js:79:28)
    at require (node:internal/modules/helpers:152:16)
    at DevServer.loadNodeMiddleware (file://E:\Projects\posanmeal\node_modules\next\dist\server\next-server.js:1072:28)
    at DevServer.runMiddleware (file://E:\Projects\posanmeal\node_modules\next\dist\server\next-server.js:1182:43)
    at async DevServer.runMiddleware (file://E:\Projects\posanmeal\node_modules\next\dist\server\dev\next-dev-server.js:278:28)
    at async NextNodeServer.handleCatchallMiddlewareRequest (file://E:\Projects\posanmeal\node_modules\next\dist\server\next-server.js:392:26)
    at async DevServer.handleRequestImpl (file://E:\Projects\posanmeal\node_modules\next\dist\server\base-server.js:940:28)
    at async (file://E:\Projects\posanmeal\node_modules\next\dist\server\dev\next-dev-server.js:394:20)
    at async Span.traceAsyncFn (file://E:\Projects\posanmeal\node_modules\next\dist\trace\trace.js:164:20)
    at async DevServer.handleRequest (file://E:\Projects\posanmeal\node_modules\next\dist\server\dev\next-dev-server.js:390:24)
    at async handleRoute (file://E:\Projects\posanmeal\node_modules\next\dist\server\lib\router-utils\resolve-routes.js:352:33)
    at async resolveRoutes (file://E:\Projects\posanmeal\node_modules\next\dist\server\lib\router-utils\resolve-routes.js:608:28)
    at async handleRequest (file://E:\Projects\posanmeal\node_modules\next\dist\server\lib\router-server.js:301:96)
    at async requestHandlerImpl (file://E:\Projects\posanmeal\node_modules\next\dist\server\lib\router-server.js:501:13)
    at async Server.requestListener (file://E:\Projects\posanmeal\node_modules\next\dist\server\lib\start-server.js:225:13)
[  110968ms] [LOG] [HMR] connected @ http://localhost:3000/_next/static/chunks/node_modules_next_dist_0u_w_5s._.js:1226
