[     209ms] [INFO] %cDownload the React DevTools for a better development experience: https://react.dev/link/react-devtools font-weight:bold @ http://localhost:3000/_next/static/chunks/node_modules_next_dist_115brz8._.js:2431
[     262ms] [LOG] [HMR] connected @ http://localhost:3000/_next/static/chunks/node_modules_next_dist_115brz8._.js:2431
[     612ms] [LOG] [Fast Refresh] rebuilding @ http://localhost:3000/_next/static/chunks/node_modules_next_dist_115brz8._.js:2431
[     672ms] [ERROR] Failed to load resource: the server responded with a status of 500 (Internal Server Error) @ http://localhost:3000/api/system/settings:0
[     715ms] [LOG] [Fast Refresh] done in 205ms @ http://localhost:3000/_next/static/chunks/node_modules_next_dist_115brz8._.js:2431
[    2933ms] [ERROR] Failed to load resource: the server responded with a status of 500 (Internal Server Error) @ http://localhost:3000/api/admin/dashboard?date=2026-06-11:0
[    2935ms] SyntaxError: Failed to execute 'json' on 'Response': Unexpected end of JSON input
    at fetchDashboard (http://localhost:3000/_next/static/chunks/src_0nd9twp._.js:3354:32)
[    3137ms] [ERROR] Failed to load resource: the server responded with a status of 500 (Internal Server Error) @ http://localhost:3000/api/admin/users?role=STUDENT:0
[    3139ms] SyntaxError: Failed to execute 'json' on 'Response': Unexpected end of JSON input
    at fetchUsers (http://localhost:3000/_next/static/chunks/src_0nd9twp._.js:3349:32)
[    3365ms] [ERROR] Failed to load resource: the server responded with a status of 500 (Internal Server Error) @ http://localhost:3000/api/admin/applications:0
[    6392ms] [WARNING] The resource http://localhost:3000/_next/static/media/caa3a2e1cccd8315-s.p.09~u27dqhyhd6.woff2 was preloaded using link preload but not used within a few seconds from the window's load event. Please make sure it has an appropriate `as` value and it is preloaded intentionally. @ http://localhost:3000/admin:0
[    6392ms] [WARNING] The resource http://localhost:3000/_next/static/media/797e433ab948586e-s.p.08e28id.o-okb.woff2 was preloaded using link preload but not used within a few seconds from the window's load event. Please make sure it has an appropriate `as` value and it is preloaded intentionally. @ http://localhost:3000/admin:0
[   30447ms] [ERROR] WebSocket connection to 'ws://localhost:3000/_next/webpack-hmr?id=vWqbarm-QgFGHnBqCYcd7' failed: Error in connection establishment: net::ERR_CONNECTION_REFUSED @ http://localhost:3000/_next/static/chunks/node_modules_next_dist_client_0fhqo1d._.js:13299
[   33801ms] [ERROR] WebSocket connection to 'ws://localhost:3000/_next/webpack-hmr?id=vWqbarm-QgFGHnBqCYcd7' failed: Error in connection establishment: net::ERR_CONNECTION_REFUSED @ http://localhost:3000/_next/static/chunks/node_modules_next_dist_client_0fhqo1d._.js:13299
[   37164ms] [ERROR] WebSocket connection to 'ws://localhost:3000/_next/webpack-hmr?id=vWqbarm-QgFGHnBqCYcd7' failed: Error in connection establishment: net::ERR_CONNECTION_REFUSED @ http://localhost:3000/_next/static/chunks/node_modules_next_dist_client_0fhqo1d._.js:13299
[   40531ms] [ERROR] WebSocket connection to 'ws://localhost:3000/_next/webpack-hmr?id=vWqbarm-QgFGHnBqCYcd7' failed: Error in connection establishment: net::ERR_CONNECTION_REFUSED @ http://localhost:3000/_next/static/chunks/node_modules_next_dist_client_0fhqo1d._.js:13299
[   43896ms] [ERROR] WebSocket connection to 'ws://localhost:3000/_next/webpack-hmr?id=vWqbarm-QgFGHnBqCYcd7' failed: Error in connection establishment: net::ERR_CONNECTION_REFUSED @ http://localhost:3000/_next/static/chunks/node_modules_next_dist_client_0fhqo1d._.js:13299
[   51249ms] [ERROR] WebSocket connection to 'ws://localhost:3000/_next/webpack-hmr?id=vWqbarm-QgFGHnBqCYcd7' failed: Error in connection establishment: net::ERR_CONNECTION_REFUSED @ http://localhost:3000/_next/static/chunks/node_modules_next_dist_client_0fhqo1d._.js:13299
[   58597ms] [ERROR] WebSocket connection to 'ws://localhost:3000/_next/webpack-hmr?id=vWqbarm-QgFGHnBqCYcd7' failed: Error in connection establishment: net::ERR_CONNECTION_REFUSED @ http://localhost:3000/_next/static/chunks/node_modules_next_dist_client_0fhqo1d._.js:13299
[   65952ms] [ERROR] WebSocket connection to 'ws://localhost:3000/_next/webpack-hmr?id=vWqbarm-QgFGHnBqCYcd7' failed: Error in connection establishment: net::ERR_CONNECTION_REFUSED @ http://localhost:3000/_next/static/chunks/node_modules_next_dist_client_0fhqo1d._.js:13299
[   73316ms] [ERROR] WebSocket connection to 'ws://localhost:3000/_next/webpack-hmr?id=vWqbarm-QgFGHnBqCYcd7' failed: Error in connection establishment: net::ERR_CONNECTION_REFUSED @ http://localhost:3000/_next/static/chunks/node_modules_next_dist_client_0fhqo1d._.js:13299
[   80666ms] [ERROR] WebSocket connection to 'ws://localhost:3000/_next/webpack-hmr?id=vWqbarm-QgFGHnBqCYcd7' failed: Error in connection establishment: net::ERR_CONNECTION_REFUSED @ http://localhost:3000/_next/static/chunks/node_modules_next_dist_client_0fhqo1d._.js:13299
[   88017ms] [ERROR] WebSocket connection to 'ws://localhost:3000/_next/webpack-hmr?id=vWqbarm-QgFGHnBqCYcd7' failed: Error in connection establishment: net::ERR_CONNECTION_REFUSED @ http://localhost:3000/_next/static/chunks/node_modules_next_dist_client_0fhqo1d._.js:13299
[   95367ms] [ERROR] WebSocket connection to 'ws://localhost:3000/_next/webpack-hmr?id=vWqbarm-QgFGHnBqCYcd7' failed: Error in connection establishment: net::ERR_CONNECTION_REFUSED @ http://localhost:3000/_next/static/chunks/node_modules_next_dist_client_0fhqo1d._.js:13299
